# Check configuration tokens
# Ensure build layout
# Check configuration tokens
# Preparing build
# Check requirements for android
# Search for Git (git)
#  -> found at /usr/bin/git
# Search for Cython (cython)
#  -> found at /home/admin/.local/bin/cython
# Search for Java compiler (javac)
#  -> found at /usr/lib/jvm/java-11-openjdk-amd64/bin/javac
# Search for Java keytool (keytool)
#  -> found at /usr/lib/jvm/java-11-openjdk-amd64/bin/keytool
# Install platform
# Run ['git', 'config', '--get', 'remote.origin.url']
# Cwd /home/admin/openclaw/workspace/loan-assistant/.buildozer/android/platform/python-for-android
https://github.com/kivy/python-for-android.git
# Run ['git', 'branch', '-vv']
# Cwd /home/admin/openclaw/workspace/loan-assistant/.buildozer/android/platform/python-for-android
* master 957a3e5f [origin/master] Merge pull request #2959 from kivy/release-2024.01.21
# Run ['/usr/bin/python3', '-m', 'pip', 'install', '-q', '--user', 'appdirs', 'colorama>=0.3.3', 'jinja2', 'sh>=1.10, <2.0; sys_platform!="win32"', 'build', 'toml', 'packaging', 'setuptools']
# Cwd None
# Apache ANT found at /home/admin/.buildozer/android/platform/apache-ant-1.9.4
# Android SDK found at /home/admin/.buildozer/android/platform/android-sdk
# Recommended android's NDK version by p4a is: 25b
# Android NDK found at /home/admin/.buildozer/android/platform/android-ndk-r25b
# Run ['/usr/bin/python3', '-m', 'pythonforandroid.toolchain', 'aab', '-h', '--color=always', '--storage-dir=/home/admin/openclaw/workspace/loan-assistant/.buildozer/android/platform/build-arm64-v8a_armeabi-v7a', '--ndk-api=24', '--ignore-setup-py', '--debug']
# Cwd /home/admin/openclaw/workspace/loan-assistant/.buildozer/android/platform/python-for-android
[WARNING]: prerequisites.py is experimental and does not support all prerequisites yet.
[WARNING]: Please report any issues to the python-for-android issue tracker.
[WARNING]: prerequisites.py is experimental and does not support all prerequisites yet.
[WARNING]: Please report any issues to the python-for-android issue tracker.
usage: toolchain.py aab [-h] [--debug] [--color {always,never,auto}]
                        [--sdk-dir SDK_DIR] [--ndk-dir NDK_DIR]
                        [--android-api ANDROID_API]
                        [--ndk-version NDK_VERSION] [--ndk-api NDK_API]
                        [--symlink-bootstrap-files]
                        [--storage-dir STORAGE_DIR] [--arch ARCH]
                        [--dist-name DIST_NAME] [--requirements REQUIREMENTS]
                        [--recipe-blacklist RECIPE_BLACKLIST]
                        [--blacklist-requirements BLACKLIST_REQUIREMENTS]
                        [--bootstrap BOOTSTRAP] [--hook HOOK] [--force-build]
                        [--no-force-build] [--require-perfect-match]
                        [--no-require-perfect-match] [--allow-replace-dist]
                        [--no-allow-replace-dist]
                        [--local-recipes LOCAL_RECIPES]
                        [--activity-class-name ACTIVITY_CLASS_NAME]
                        [--service-class-name SERVICE_CLASS_NAME]
                        [--java-build-tool {auto,ant,gradle}] [--copy-libs]
                        [--no-copy-libs] [--add-asset ASSETS]
                        [--add-resource RESOURCES] [--private PRIVATE]
                        [--use-setup-py] [--ignore-setup-py] [--release]
                        [--with-debug-symbols] [--keystore KEYSTORE]
                        [--signkey SIGNKEY] [--keystorepw KEYSTOREPW]
                        [--signkeypw SIGNKEYPW]

options:
  -h, --help            show this help message and exit
  --debug               Display debug output and all build info
  --color {always,never,auto}
                        Enable or disable color output (default enabled on
                        tty)
  --sdk-dir SDK_DIR, --sdk_dir SDK_DIR
                        The filepath where the Android SDK is installed
  --ndk-dir NDK_DIR, --ndk_dir NDK_DIR
                        The filepath where the Android NDK is installed
  --android-api ANDROID_API, --android_api ANDROID_API
                        The Android API level to build against defaults to 33
                        if not specified.
  --ndk-version NDK_VERSION, --ndk_version NDK_VERSION
                        DEPRECATED: the NDK version is now found automatically
                        or not at all.
  --ndk-api NDK_API     The Android API level to compile against. This should
                        be your *minimal supported* API, not normally the same
                        as your --android-api. Defaults to min(ANDROID_API,
                        21) if not specified.
  --symlink-bootstrap-files, --ssymlink_bootstrap_files
                        If True, symlinks the bootstrap files creation. This
                        is useful for development only, it could also cause
                        weird problems.
  --storage-dir STORAGE_DIR
                        Primary storage directory for downloads and builds
                        (default: /home/admin/.local/share/python-for-android)
  --arch ARCH           The archs to build for.
  --dist-name DIST_NAME, --dist_name DIST_NAME
                        The name of the distribution to use or create
  --requirements REQUIREMENTS
                        Dependencies of your app, should be recipe names or
                        Python modules. NOT NECESSARY if you are using Python
                        3 with --use-setup-py
  --recipe-blacklist RECIPE_BLACKLIST
                        Blacklist an internal recipe from use. Allows
                        disabling Python 3 core modules to save size
  --blacklist-requirements BLACKLIST_REQUIREMENTS
                        Blacklist an internal recipe from use. Allows
                        disabling Python 3 core modules to save size
  --bootstrap BOOTSTRAP
                        The bootstrap to build with. Leave unset to choose
                        automatically.
  --hook HOOK           Filename to a module that contains python-for-android
                        hooks
  --local-recipes LOCAL_RECIPES, --local_recipes LOCAL_RECIPES
                        Directory to look for local recipes
  --activity-class-name ACTIVITY_CLASS_NAME
                        The full java class name of the main activity
  --service-class-name SERVICE_CLASS_NAME
                        Full java package name of the PythonService class
  --java-build-tool {auto,ant,gradle}
                        The java build tool to use when packaging the APK,
                        defaults to automatically selecting an appropriate
                        tool.
  --add-asset ASSETS    Put this in the assets folder in the apk.
  --add-resource RESOURCES
                        Put this in the res folder in the apk.
  --private PRIVATE     the directory with the app source code files
                        (containing your main.py entrypoint)
  --use-setup-py        Process the setup.py of a project if present.
                        (Experimental!
  --ignore-setup-py     Don't run the setup.py of a project if present. This
                        may be required if the setup.py is not designed to
                        work inside p4a (e.g. by installing dependencies that
                        won't work or aren't desired on Android
  --release             Build your app as a non-debug release build. (Disables
                        gdb debugging among other things)
  --with-debug-symbols  Will keep debug symbols from `.so` files.
  --keystore KEYSTORE   Keystore for JAR signing key, will use jarsigner
                        default if not specified (release build only)
  --signkey SIGNKEY     Key alias to sign PARSER_APK. with (release build
                        only)
  --keystorepw KEYSTOREPW
                        Password for keystore
  --signkeypw SIGNKEYPW
                        Password for key alias

  Whether to force compilation of a new distribution

  --force-build
  --no-force-build      (this is the default)
  --require-perfect-match
  --no-require-perfect-match
                        (this is the default)
  --allow-replace-dist  (this is the default)
  --no-allow-replace-dist
  --copy-libs
  --no-copy-libs        (this is the default)
# Check application requirements
# Compile platform
# Run ['/usr/bin/python3', '-m', 'pythonforandroid.toolchain', 'create', '--dist_name=loanassistant', '--bootstrap=sdl2', '--requirements=python3,requests,beautifulsoup4,pillow,schedule,aiohttp,qrcode,sqlite3,kivy,pyjnius==1.6.0,sdl2,sdl2_ttf,sdl2_mixer', '--arch=arm64-v8a', '--arch=armeabi-v7a', '--copy-libs', '--color=always', '--storage-dir=/home/admin/openclaw/workspace/loan-assistant/.buildozer/android/platform/build-arm64-v8a_armeabi-v7a', '--ndk-api=24', '--ignore-setup-py', '--debug']
# Cwd /home/admin/openclaw/workspace/loan-assistant/.buildozer/android/platform/python-for-android
[WARNING]: prerequisites.py is experimental and does not support all prerequisites yet.
[WARNING]: Please report any issues to the python-for-android issue tracker.
[WARNING]: prerequisites.py is experimental and does not support all prerequisites yet.
[WARNING]: Please report any issues to the python-for-android issue tracker.
[1m[INFO][0m:    Recipe pyjnius: version "1.6.0" requested
[1m[INFO][0m:    Will compile for the following archs: armeabi-v7a, arm64-v8a
[1m[INFO][0m:    Found Android API target in $ANDROIDAPI: 28
[1m[31m[WARNING][39m[0m: Target API 28 < 30
[1m[31m[WARNING][39m[0m: Target APIs lower than 30 are no longer supported on Google Play, and are not recommended. Note that the Target API can be higher than your device Android version, and should usually be as high as possible.
[1m[31m[WARNING][39m[0m: Target API 28 < 30
[1m[31m[WARNING][39m[0m: Target APIs lower than 30 are no longer supported on Google Play, and are not recommended. Note that the Target API can be higher than your device Android version, and should usually be as high as possible.
[1m[INFO][0m:    Available Android APIs are (28)
[1m[INFO][0m:    Requested API target 28 is available, continuing.
[1m[INFO][0m:    Found NDK dir in $ANDROIDNDK: /home/admin/.buildozer/android/platform/android-ndk-r25b
[1m[INFO][0m:    Found NDK version 25b
[1m[INFO][0m:    Getting NDK API version (i.e. minimum supported API) from user argument
[1m[INFO][0m:    ccache is missing, the build will not be optimized in the future.
[1m[90m[DEBUG][39m[0m:   All possible dists: []
[1m[90m[DEBUG][39m[0m:   Dist matching name and arch: []
[1m[90m[DEBUG][39m[0m:   Dist matching ndk_api and recipe: []
[1m[INFO][0m:    No existing dists meet the given requirements!
[1m[90m[DEBUG][39m[0m:   Remove directory and subdirectory /home/admin/openclaw/workspace/loan-assistant/.buildozer/android/platform/build-arm64-v8a_armeabi-v7a/dists/loanassistant
[1m[INFO][0m:    [1m[94mNo dist exists that meets your requirements, so one will be built.[0m
[1m[INFO][0m:    Found a single valid recipe set: ['beautifulsoup4', 'freetype', 'hostpython3', 'jpeg', 'libffi', 'openssl', 'png', 'qrcode', 'requests', 'schedule', 'sdl2_image', 'sdl2_mixer', 'sdl2_ttf', 'sqlite3', 'python3', 'sdl2', 'setuptools', 'aiohttp', 'pillow', 'six', 'pyjnius', 'android', 'kivy']
[1m[INFO][0m:    The selected bootstrap is sdl2
[1m[INFO][0m:    [1m[32m# Creating dist with sdl2 bootstrap[0m[39m
[1m[INFO][0m:    [1m[94mDist will have name loanassistant and requirements (python3, requests, beautifulsoup4, pillow, schedule, aiohttp, qrcode, sqlite3, kivy, pyjnius, sdl2, sdl2_ttf, sdl2_mixer)[0m
[1m[INFO][0m:    Dist contains the following requirements as recipes: ['freetype', 'hostpython3', 'jpeg', 'libffi', 'openssl', 'png', 'sdl2_image', 'sdl2_mixer', 'sdl2_ttf', 'sqlite3', 'python3', 'sdl2', 'setuptools', 'aiohttp', 'pillow', 'six', 'pyjnius', 'android', 'kivy']
[1m[INFO][0m:    Dist will also contain modules (certifi, idna, requests, schedule, beautifulsoup4, urllib3, chardet, qrcode) installed from pip
[1m[INFO][0m:    Dist will be build in mode debug
[1m[INFO][0m:    [36m-> directory context /home/admin/openclaw/workspace/loan-assistant/.buildozer/android/platform/build-arm64-v8a_armeabi-v7a/build/bootstrap_builds/sdl2[39m
[1m[INFO][0m:    [36m<- directory context /home/admin/openclaw/workspace/loan-assistant/.buildozer/android/platform/python-for-android[39m
[1m[90m[DEBUG][39m[0m:   Create directory /home/admin/openclaw/workspace/loan-assistant/.buildozer/android/platform/build-arm64-v8a_armeabi-v7a/dists/loanassistant
[1m[INFO][0m:    [1m[94mRecipe build order is ['freetype', 'hostpython3', 'jpeg', 'libffi', 'openssl', 'png', 'sdl2_image', 'sdl2_mixer', 'sdl2_ttf', 'sqlite3', 'python3', 'sdl2', 'setuptools', 'aiohttp', 'pillow', 'six', 'pyjnius', 'android', 'kivy'][0m
[1m[INFO][0m:    [1m[94mThe requirements (beautifulsoup4, certifi, chardet, idna, qrcode, requests, schedule, urllib3) were not found as recipes, they will be installed with pip.[0m
[1m[INFO][0m:    [1m[32m# Downloading recipes [0m[39m
[1m[INFO][0m:    [1m[32mDownloading freetype[0m[39m
[1m[INFO][0m:    [36m-> directory context /home/admin/openclaw/workspace/loan-assistant/.buildozer/android/platform/build-arm64-v8a_armeabi-v7a/packages/freetype[39m
stty: 'standard input': Inappropriate ioctl for device
[1m[90m[DEBUG][39m[0m:   [90m->[0m running basename https://download.savannah.gnu.org/releases/freetype/freetype-2.10.1.tar.gz[0m
[1m[90m[DEBUG][39m[0m:   	freetype-2.10.1.tar.gz
[1m[INFO][0m:    freetype download already cached, skipping
[1m[INFO][0m:    [36m<- directory context /home/admin/openclaw/workspace/loan-assistant/.buildozer/android/platform/python-for-android[39m
[1m[INFO][0m:    [1m[32mDownloading hostpython3[0m[39m
[1m[INFO][0m:    [36m-> directory context /home/admin/openclaw/workspace/loan-assistant/.buildozer/android/platform/build-arm64-v8a_armeabi-v7a/packages/hostpython3[39m
stty: 'standard input': Inappropriate ioctl for device
[1m[90m[DEBUG][39m[0m:   [90m->[0m running basename https://www.python.org/ftp/python/3.11.5/Python-3.11.5.tgz[0m
[1m[90m[DEBUG][39m[0m:   	Python-3.11.5.tgz
[1m[INFO][0m:    hostpython3 download already cached, skipping
[1m[INFO][0m:    [36m<- directory context /home/admin/openclaw/workspace/loan-assistant/.buildozer/android/platform/python-for-android[39m
[1m[INFO][0m:    [1m[32mDownloading jpeg[0m[39m
[1m[INFO][0m:    [36m-> directory context /home/admin/openclaw/workspace/loan-assistant/.buildozer/android/platform/build-arm64-v8a_armeabi-v7a/packages/jpeg[39m
stty: 'standard input': Inappropriate ioctl for device
[1m[90m[DEBUG][39m[0m:   [90m->[0m running basename https://github.com/libjpeg-turbo/libjpeg-turbo/archive/2.0.1.tar.gz[0m
[1m[90m[DEBUG][39m[0m:   	2.0.1.tar.gz
[1m[INFO][0m:    jpeg download already cached, skipping
[1m[INFO][0m:    [36m<- directory context /home/admin/openclaw/workspace/loan-assistant/.buildozer/android/platform/python-for-android[39m
[1m[INFO][0m:    [1m[32mDownloading libffi[0m[39m
[1m[INFO][0m:    [36m-> directory context /home/admin/openclaw/workspace/loan-assistant/.buildozer/android/platform/build-arm64-v8a_armeabi-v7a/packages/libffi[39m
stty: 'standard input': Inappropriate ioctl for device
[1m[90m[DEBUG][39m[0m:   [90m->[0m running basename https://github.com/libffi/libffi/archive/v3.4.2.tar.gz[0m
[1m[90m[DEBUG][39m[0m:   	v3.4.2.tar.gz
[1m[INFO][0m:    libffi download already cached, skipping
[1m[INFO][0m:    [36m<- directory context /home/admin/openclaw/workspace/loan-assistant/.buildozer/android/platform/python-for-android[39m
[1m[INFO][0m:    [1m[32mDownloading openssl[0m[39m
[1m[INFO][0m:    [36m-> directory context /home/admin/openclaw/workspace/loan-assistant/.buildozer/android/platform/build-arm64-v8a_armeabi-v7a/packages/openssl[39m
stty: 'standard input': Inappropriate ioctl for device
[1m[90m[DEBUG][39m[0m:   [90m->[0m running basename https://www.openssl.org/source/openssl-1.1.1w.tar.gz[0m
[1m[90m[DEBUG][39m[0m:   	openssl-1.1.1w.tar.gz
[1m[INFO][0m:    openssl download already cached, skipping
[1m[INFO][0m:    [36m<- directory context /home/admin/openclaw/workspace/loan-assistant/.buildozer/android/platform/python-for-android[39m
[1m[INFO][0m:    [1m[32mDownloading png[0m[39m
[1m[INFO][0m:    [36m-> directory context /home/admin/openclaw/workspace/loan-assistant/.buildozer/android/platform/build-arm64-v8a_armeabi-v7a/packages/png[39m
stty: 'standard input': Inappropriate ioctl for device
[1m[90m[DEBUG][39m[0m:   [90m->[0m running basename https://github.com/glennrp/libpng/archive/v1.6.37.zip[0m
[1m[90m[DEBUG][39m[0m:   	v1.6.37.zip
[1m[INFO][0m:    png download already cached, skipping
[1m[INFO][0m:    [36m<- directory context /home/admin/openclaw/workspace/loan-assistant/.buildozer/android/platform/python-for-android[39m
[1m[INFO][0m:    [1m[32mDownloading sdl2_image[0m[39m
[1m[INFO][0m:    [36m-> directory context /home/admin/openclaw/workspace/loan-assistant/.buildozer/android/platform/build-arm64-v8a_armeabi-v7a/packages/sdl2_image[39m
stty: 'standard input': Inappropriate ioctl for device
[1m[90m[DEBUG][39m[0m:   [90m->[0m running basename https://github.com/libsdl-org/SDL_image/releases/download/release-2.8.0/SDL2_image-2.8.0.tar.gz[0m
[1m[90m[DEBUG][39m[0m:   	SDL2_image-2.8.0.tar.gz
[1m[INFO][0m:    sdl2_image download already cached, skipping
[1m[INFO][0m:    [36m<- directory context /home/admin/openclaw/workspace/loan-assistant/.buildozer/android/platform/python-for-android[39m
[1m[INFO][0m:    [1m[32mDownloading sdl2_mixer[0m[39m
[1m[INFO][0m:    [36m-> directory context /home/admin/openclaw/workspace/loan-assistant/.buildozer/android/platform/build-arm64-v8a_armeabi-v7a/packages/sdl2_mixer[39m
stty: 'standard input': Inappropriate ioctl for device
[1m[90m[DEBUG][39m[0m:   [90m->[0m running basename https://github.com/libsdl-org/SDL_mixer/releases/download/release-2.6.3/SDL2_mixer-2.6.3.tar.gz[0m
[1m[90m[DEBUG][39m[0m:   	SDL2_mixer-2.6.3.tar.gz
[1m[INFO][0m:    sdl2_mixer download already cached, skipping
[1m[INFO][0m:    [36m<- directory context /home/admin/openclaw/workspace/loan-assistant/.buildozer/android/platform/python-for-android[39m
[1m[INFO][0m:    [1m[32mDownloading sdl2_ttf[0m[39m
[1m[INFO][0m:    [36m-> directory context /home/admin/openclaw/workspace/loan-assistant/.buildozer/android/platform/build-arm64-v8a_armeabi-v7a/packages/sdl2_ttf[39m
stty: 'standard input': Inappropriate ioctl for device
[1m[90m[DEBUG][39m[0m:   [90m->[0m running basename https://github.com/libsdl-org/SDL_ttf/releases/download/release-2.20.2/SDL2_ttf-2.20.2.tar.gz[0m
[1m[90m[DEBUG][39m[0m:   	SDL2_ttf-2.20.2.tar.gz
[1m[INFO][0m:    sdl2_ttf download already cached, skipping
[1m[INFO][0m:    [36m<- directory context /home/admin/openclaw/workspace/loan-assistant/.buildozer/android/platform/python-for-android[39m
[1m[INFO][0m:    [1m[32mDownloading sqlite3[0m[39m
[1m[INFO][0m:    [36m-> directory context /home/admin/openclaw/workspace/loan-assistant/.buildozer/android/platform/build-arm64-v8a_armeabi-v7a/packages/sqlite3[39m
stty: 'standard input': Inappropriate ioctl for device
[1m[90m[DEBUG][39m[0m:   [90m->[0m running basename https://www.sqlite.org/2021/sqlite-amalgamation-3350500.zip[0m
[1m[90m[DEBUG][39m[0m:   	sqlite-amalgamation-3350500.zip
[1m[INFO][0m:    sqlite3 download already cached, skipping
[1m[INFO][0m:    [36m<- directory context /home/admin/openclaw/workspace/loan-assistant/.buildozer/android/platform/python-for-android[39m
[1m[INFO][0m:    [1m[32mDownloading python3[0m[39m
[1m[INFO][0m:    [36m-> directory context /home/admin/openclaw/workspace/loan-assistant/.buildozer/android/platform/build-arm64-v8a_armeabi-v7a/packages/python3[39m
stty: 'standard input': Inappropriate ioctl for device
[1m[90m[DEBUG][39m[0m:   [90m->[0m running basename https://www.python.org/ftp/python/3.11.5/Python-3.11.5.tgz[0m
[1m[90m[DEBUG][39m[0m:   	Python-3.11.5.tgz
[1m[INFO][0m:    python3 download already cached, skipping
[1m[INFO][0m:    [36m<- directory context /home/admin/openclaw/workspace/loan-assistant/.buildozer/android/platform/python-for-android[39m
[1m[INFO][0m:    [1m[32mDownloading sdl2[0m[39m
[1m[INFO][0m:    [36m-> directory context /home/admin/openclaw/workspace/loan-assistant/.buildozer/android/platform/build-arm64-v8a_armeabi-v7a/packages/sdl2[39m
stty: 'standard input': Inappropriate ioctl for device
[1m[90m[DEBUG][39m[0m:   [90m->[0m running basename https://github.com/libsdl-org/SDL/releases/download/release-2.28.5/SDL2-2.28.5.tar.gz[0m
[1m[90m[DEBUG][39m[0m:   	SDL2-2.28.5.tar.gz
[1m[INFO][0m:    sdl2 download already cached, skipping
[1m[INFO][0m:    [36m<- directory context /home/admin/openclaw/workspace/loan-assistant/.buildozer/android/platform/python-for-android[39m
[1m[INFO][0m:    [1m[32mDownloading setuptools[0m[39m
[1m[INFO][0m:    [36m-> directory context /home/admin/openclaw/workspace/loan-assistant/.buildozer/android/platform/build-arm64-v8a_armeabi-v7a/packages/setuptools[39m
stty: 'standard input': Inappropriate ioctl for device
[1m[90m[DEBUG][39m[0m:   [90m->[0m running basename https://pypi.python.org/packages/source/s/setuptools/setuptools-51.3.3.tar.gz[0m
[1m[90m[DEBUG][39m[0m:   	setuptools-51.3.3.tar.gz
[1m[INFO][0m:    setuptools download already cached, skipping
[1m[INFO][0m:    [36m<- directory context /home/admin/openclaw/workspace/loan-assistant/.buildozer/android/platform/python-for-android[39m
[1m[INFO][0m:    [1m[32mDownloading aiohttp[0m[39m
[1m[INFO][0m:    [36m-> directory context /home/admin/openclaw/workspace/loan-assistant/.buildozer/android/platform/build-arm64-v8a_armeabi-v7a/packages/aiohttp[39m
stty: 'standard input': Inappropriate ioctl for device
[1m[90m[DEBUG][39m[0m:   [90m->[0m running basename https://pypi.python.org/packages/source/a/aiohttp/aiohttp-3.8.3.tar.gz[0m
[1m[90m[DEBUG][39m[0m:   	aiohttp-3.8.3.tar.gz
[1m[INFO][0m:    aiohttp download already cached, skipping
[1m[INFO][0m:    [36m<- directory context /home/admin/openclaw/workspace/loan-assistant/.buildozer/android/platform/python-for-android[39m
[1m[INFO][0m:    [1m[32mDownloading Pillow[0m[39m
[1m[INFO][0m:    [36m-> directory context /home/admin/openclaw/workspace/loan-assistant/.buildozer/android/platform/build-arm64-v8a_armeabi-v7a/packages/Pillow[39m
stty: 'standard input': Inappropriate ioctl for device
[1m[90m[DEBUG][39m[0m:   [90m->[0m running basename https://github.com/python-pillow/Pillow/archive/8.4.0.tar.gz[0m
[1m[90m[DEBUG][39m[0m:   	8.4.0.tar.gz
[1m[INFO][0m:    Pillow download already cached, skipping
[1m[INFO][0m:    [36m<- directory context /home/admin/openclaw/workspace/loan-assistant/.buildozer/android/platform/python-for-android[39m
[1m[INFO][0m:    [1m[32mDownloading six[0m[39m
[1m[INFO][0m:    [36m-> directory context /home/admin/openclaw/workspace/loan-assistant/.buildozer/android/platform/build-arm64-v8a_armeabi-v7a/packages/six[39m
stty: 'standard input': Inappropriate ioctl for device
[1m[90m[DEBUG][39m[0m:   [90m->[0m running basename https://pypi.python.org/packages/source/s/six/six-1.15.0.tar.gz[0m
[1m[90m[DEBUG][39m[0m:   	six-1.15.0.tar.gz
[1m[INFO][0m:    six download already cached, skipping
[1m[INFO][0m:    [36m<- directory context /home/admin/openclaw/workspace/loan-assistant/.buildozer/android/platform/python-for-android[39m
[1m[INFO][0m:    [1m[32mDownloading pyjnius[0m[39m
[1m[INFO][0m:    [36m-> directory context /home/admin/openclaw/workspace/loan-assistant/.buildozer/android/platform/build-arm64-v8a_armeabi-v7a/packages/pyjnius[39m
stty: 'standard input': Inappropriate ioctl for device
[1m[90m[DEBUG][39m[0m:   [90m->[0m running basename https://github.com/kivy/pyjnius/archive/1.6.0.zip[0m
[1m[90m[DEBUG][39m[0m:   	1.6.0.zip
[1m[INFO][0m:    pyjnius download already cached, skipping
[1m[INFO][0m:    [36m<- directory context /home/admin/openclaw/workspace/loan-assistant/.buildozer/android/platform/python-for-android[39m
[1m[INFO][0m:    [1m[32mDownloading android[0m[39m
[1m[INFO][0m:    Skipping android download as no URL is set
[1m[INFO][0m:    [1m[32mDownloading kivy[0m[39m
[1m[INFO][0m:    [36m-> directory context /home/admin/openclaw/workspace/loan-assistant/.buildozer/android/platform/build-arm64-v8a_armeabi-v7a/packages/kivy[39m
stty: 'standard input': Inappropriate ioctl for device
[1m[90m[DEBUG][39m[0m:   [90m->[0m running basename https://github.com/kivy/kivy/archive/2.3.0.zip[0m
[1m[90m[DEBUG][39m[0m:   	2.3.0.zip
[1m[INFO][0m:    kivy download already cached, skipping
[1m[INFO][0m:    [36m<- directory context /home/admin/openclaw/workspace/loan-assistant/.buildozer/android/platform/python-for-android[39m
[1m[INFO][0m:    [1m[32m# Building all recipes for arch armeabi-v7a[0m[39m
[1m[INFO][0m:    [1m[32m# Unpacking recipes[0m[39m
[1m[INFO][0m:    [1m[32mUnpacking freetype for armeabi-v7a[0m[39m
stty: 'standard input': Inappropriate ioctl for device
[1m[90m[DEBUG][39m[0m:   [90m->[0m running basename https://download.savannah.gnu.org/releases/freetype/freetype-2.10.1.tar.gz[0m
[1m[90m[DEBUG][39m[0m:   	freetype-2.10.1.tar.gz
[1m[INFO][0m:    [36m-> directory context /home/admin/openclaw/workspace/loan-assistant/.buildozer/android/platform/build-arm64-v8a_armeabi-v7a/build/other_builds/freetype/armeabi-v7a__ndk_target_24[39m
[1m[INFO][0m:    freetype is already unpacked, skipping
[1m[INFO][0m:    [36m<- directory context /home/admin/openclaw/workspace/loan-assistant/.buildozer/android/platform/python-for-android[39m
[1m[INFO][0m:    [1m[32mUnpacking hostpython3 for armeabi-v7a[0m[39m
stty: 'standard input': Inappropriate ioctl for device
[1m[90m[DEBUG][39m[0m:   [90m->[0m running basename https://www.python.org/ftp/python/3.11.5/Python-3.11.5.tgz[0m
[1m[90m[DEBUG][39m[0m:   	Python-3.11.5.tgz
[1m[INFO][0m:    [36m-> directory context /home/admin/openclaw/workspace/loan-assistant/.buildozer/android/platform/build-arm64-v8a_armeabi-v7a/build/other_builds/hostpython3/desktop[39m
[1m[INFO][0m:    hostpython3 is already unpacked, skipping
[1m[INFO][0m:    [36m<- directory context /home/admin/openclaw/workspace/loan-assistant/.buildozer/android/platform/python-for-android[39m
[1m[INFO][0m:    [1m[32mUnpacking jpeg for armeabi-v7a[0m[39m
stty: 'standard input': Inappropriate ioctl for device
[1m[90m[DEBUG][39m[0m:   [90m->[0m running basename https://github.com/libjpeg-turbo/libjpeg-turbo/archive/2.0.1.tar.gz[0m
[1m[90m[DEBUG][39m[0m:   	2.0.1.tar.gz
[1m[INFO][0m:    [36m-> directory context /home/admin/openclaw/workspace/loan-assistant/.buildozer/android/platform/build-arm64-v8a_armeabi-v7a/build/other_builds/jpeg/armeabi-v7a__ndk_target_24[39m
[1m[INFO][0m:    jpeg is already unpacked, skipping
[1m[INFO][0m:    [36m<- directory context /home/admin/openclaw/workspace/loan-assistant/.buildozer/android/platform/python-for-android[39m
[1m[INFO][0m:    [1m[32mUnpacking libffi for armeabi-v7a[0m[39m
stty: 'standard input': Inappropriate ioctl for device
[1m[90m[DEBUG][39m[0m:   [90m->[0m running basename https://github.com/libffi/libffi/archive/v3.4.2.tar.gz[0m
[1m[90m[DEBUG][39m[0m:   	v3.4.2.tar.gz
[1m[INFO][0m:    [36m-> directory context /home/admin/openclaw/workspace/loan-assistant/.buildozer/android/platform/build-arm64-v8a_armeabi-v7a/build/other_builds/libffi/armeabi-v7a__ndk_target_24[39m
[1m[INFO][0m:    libffi is already unpacked, skipping
[1m[INFO][0m:    [36m<- directory context /home/admin/openclaw/workspace/loan-assistant/.buildozer/android/platform/python-for-android[39m
[1m[INFO][0m:    [1m[32mUnpacking openssl for armeabi-v7a[0m[39m
stty: 'standard input': Inappropriate ioctl for device
[1m[90m[DEBUG][39m[0m:   [90m->[0m running basename https://www.openssl.org/source/openssl-1.1.1w.tar.gz[0m
[1m[90m[DEBUG][39m[0m:   	openssl-1.1.1w.tar.gz
[1m[INFO][0m:    [36m-> directory context /home/admin/openclaw/workspace/loan-assistant/.buildozer/android/platform/build-arm64-v8a_armeabi-v7a/build/other_builds/openssl/armeabi-v7a__ndk_target_24[39m
[1m[INFO][0m:    openssl is already unpacked, skipping
[1m[INFO][0m:    [36m<- directory context /home/admin/openclaw/workspace/loan-assistant/.buildozer/android/platform/python-for-android[39m
[1m[INFO][0m:    [1m[32mUnpacking png for armeabi-v7a[0m[39m
stty: 'standard input': Inappropriate ioctl for device
[1m[90m[DEBUG][39m[0m:   [90m->[0m running basename https://github.com/glennrp/libpng/archive/v1.6.37.zip[0m
[1m[90m[DEBUG][39m[0m:   	v1.6.37.zip
[1m[INFO][0m:    [36m-> directory context /home/admin/openclaw/workspace/loan-assistant/.buildozer/android/platform/build-arm64-v8a_armeabi-v7a/build/other_builds/png/armeabi-v7a__ndk_target_24[39m
[1m[90m[DEBUG][39m[0m:   Moving pngusr.dfa to /home/admin/openclaw/workspace/loan-assistant/.buildozer/android/platform/build-arm64-v8a_armeabi-v7a/build/other_builds/png/armeabi-v7a__ndk_target_24/png
[1m[INFO][0m:    [36m<- directory context /home/admin/openclaw/workspace/loan-assistant/.buildozer/android/platform/python-for-android[39m
[1m[INFO][0m:    [1m[32mUnpacking sdl2_image for armeabi-v7a[0m[39m
stty: 'standard input': Inappropriate ioctl for device
[1m[90m[DEBUG][39m[0m:   [90m->[0m running basename https://github.com/libsdl-org/SDL_image/releases/download/release-2.8.0/SDL2_image-2.8.0.tar.gz[0m
[1m[90m[DEBUG][39m[0m:   	SDL2_image-2.8.0.tar.gz
[1m[INFO][0m:    [36m-> directory context /home/admin/openclaw/workspace/loan-assistant/.buildozer/android/platform/build-arm64-v8a_armeabi-v7a/build/bootstrap_builds/sdl2/jni[39m
[1m[INFO][0m:    sdl2_image is already unpacked, skipping
[1m[INFO][0m:    [36m<- directory context /home/admin/openclaw/workspace/loan-assistant/.buildozer/android/platform/python-for-android[39m
[1m[INFO][0m:    [1m[32mUnpacking sdl2_mixer for armeabi-v7a[0m[39m
stty: 'standard input': Inappropriate ioctl for device
[1m[90m[DEBUG][39m[0m:   [90m->[0m running basename https://github.com/libsdl-org/SDL_mixer/releases/download/release-2.6.3/SDL2_mixer-2.6.3.tar.gz[0m
[1m[90m[DEBUG][39m[0m:   	SDL2_mixer-2.6.3.tar.gz
[1m[INFO][0m:    [36m-> directory context /home/admin/openclaw/workspace/loan-assistant/.buildozer/android/platform/build-arm64-v8a_armeabi-v7a/build/bootstrap_builds/sdl2/jni[39m
[1m[INFO][0m:    sdl2_mixer is already unpacked, skipping
[1m[INFO][0m:    [36m<- directory context /home/admin/openclaw/workspace/loan-assistant/.buildozer/android/platform/python-for-android[39m
[1m[INFO][0m:    [1m[32mUnpacking sdl2_ttf for armeabi-v7a[0m[39m
stty: 'standard input': Inappropriate ioctl for device
[1m[90m[DEBUG][39m[0m:   [90m->[0m running basename https://github.com/libsdl-org/SDL_ttf/releases/download/release-2.20.2/SDL2_ttf-2.20.2.tar.gz[0m
[1m[90m[DEBUG][39m[0m:   	SDL2_ttf-2.20.2.tar.gz
[1m[INFO][0m:    [36m-> directory context /home/admin/openclaw/workspace/loan-assistant/.buildozer/android/platform/build-arm64-v8a_armeabi-v7a/build/bootstrap_builds/sdl2/jni[39m
[1m[INFO][0m:    sdl2_ttf is already unpacked, skipping
[1m[INFO][0m:    [36m<- directory context /home/admin/openclaw/workspace/loan-assistant/.buildozer/android/platform/python-for-android[39m
[1m[INFO][0m:    [1m[32mUnpacking sqlite3 for armeabi-v7a[0m[39m
stty: 'standard input': Inappropriate ioctl for device
[1m[90m[DEBUG][39m[0m:   [90m->[0m running basename https://www.sqlite.org/2021/sqlite-amalgamation-3350500.zip[0m
[1m[90m[DEBUG][39m[0m:   	sqlite-amalgamation-3350500.zip
[1m[INFO][0m:    [36m-> directory context /home/admin/openclaw/workspace/loan-assistant/.buildozer/android/platform/build-arm64-v8a_armeabi-v7a/build/other_builds/sqlite3/armeabi-v7a__ndk_target_24[39m
[1m[INFO][0m:    sqlite3 is already unpacked, skipping
[1m[INFO][0m:    [36m<- directory context /home/admin/openclaw/workspace/loan-assistant/.buildozer/android/platform/python-for-android[39m
[1m[INFO][0m:    [1m[32mUnpacking python3 for armeabi-v7a[0m[39m
stty: 'standard input': Inappropriate ioctl for device
[1m[90m[DEBUG][39m[0m:   [90m->[0m running basename https://www.python.org/ftp/python/3.11.5/Python-3.11.5.tgz[0m
[1m[90m[DEBUG][39m[0m:   	Python-3.11.5.tgz
[1m[INFO][0m:    [36m-> directory context /home/admin/openclaw/workspace/loan-assistant/.buildozer/android/platform/build-arm64-v8a_armeabi-v7a/build/other_builds/python3/armeabi-v7a__ndk_target_24[39m
[1m[INFO][0m:    python3 is already unpacked, skipping
[1m[INFO][0m:    [36m<- directory context /home/admin/openclaw/workspace/loan-assistant/.buildozer/android/platform/python-for-android[39m
[1m[INFO][0m:    [1m[32mUnpacking sdl2 for armeabi-v7a[0m[39m
stty: 'standard input': Inappropriate ioctl for device
[1m[90m[DEBUG][39m[0m:   [90m->[0m running basename https://github.com/libsdl-org/SDL/releases/download/release-2.28.5/SDL2-2.28.5.tar.gz[0m
[1m[90m[DEBUG][39m[0m:   	SDL2-2.28.5.tar.gz
[1m[INFO][0m:    [36m-> directory context /home/admin/openclaw/workspace/loan-assistant/.buildozer/android/platform/build-arm64-v8a_armeabi-v7a/build/bootstrap_builds/sdl2/jni[39m
[1m[INFO][0m:    sdl2 is already unpacked, skipping
[1m[INFO][0m:    [36m<- directory context /home/admin/openclaw/workspace/loan-assistant/.buildozer/android/platform/python-for-android[39m
[1m[INFO][0m:    [1m[32mUnpacking setuptools for armeabi-v7a[0m[39m
stty: 'standard input': Inappropriate ioctl for device
[1m[90m[DEBUG][39m[0m:   [90m->[0m running basename https://pypi.python.org/packages/source/s/setuptools/setuptools-51.3.3.tar.gz[0m
[1m[90m[DEBUG][39m[0m:   	setuptools-51.3.3.tar.gz
[1m[INFO][0m:    [36m-> directory context /home/admin/openclaw/workspace/loan-assistant/.buildozer/android/platform/build-arm64-v8a_armeabi-v7a/build/other_builds/setuptools/armeabi-v7a__ndk_target_24[39m
[1m[INFO][0m:    setuptools is already unpacked, skipping
[1m[INFO][0m:    [36m<- directory context /home/admin/openclaw/workspace/loan-assistant/.buildozer/android/platform/python-for-android[39m
[1m[INFO][0m:    [1m[32mUnpacking aiohttp for armeabi-v7a[0m[39m
stty: 'standard input': Inappropriate ioctl for device
[1m[90m[DEBUG][39m[0m:   [90m->[0m running basename https://pypi.python.org/packages/source/a/aiohttp/aiohttp-3.8.3.tar.gz[0m
[1m[90m[DEBUG][39m[0m:   	aiohttp-3.8.3.tar.gz
[1m[INFO][0m:    [36m-> directory context /home/admin/openclaw/workspace/loan-assistant/.buildozer/android/platform/build-arm64-v8a_armeabi-v7a/build/other_builds/aiohttp/armeabi-v7a__ndk_target_24[39m
[1m[INFO][0m:    aiohttp is already unpacked, skipping
[1m[INFO][0m:    [36m<- directory context /home/admin/openclaw/workspace/loan-assistant/.buildozer/android/platform/python-for-android[39m
[1m[INFO][0m:    [1m[32mUnpacking Pillow for armeabi-v7a[0m[39m
stty: 'standard input': Inappropriate ioctl for device
[1m[90m[DEBUG][39m[0m:   [90m->[0m running basename https://github.com/python-pillow/Pillow/archive/8.4.0.tar.gz[0m
[1m[90m[DEBUG][39m[0m:   	8.4.0.tar.gz
[1m[INFO][0m:    [36m-> directory context /home/admin/openclaw/workspace/loan-assistant/.buildozer/android/platform/build-arm64-v8a_armeabi-v7a/build/other_builds/Pillow/armeabi-v7a__ndk_target_24[39m
[1m[INFO][0m:    Pillow is already unpacked, skipping
[1m[INFO][0m:    [36m<- directory context /home/admin/openclaw/workspace/loan-assistant/.buildozer/android/platform/python-for-android[39m
[1m[INFO][0m:    [1m[32mUnpacking six for armeabi-v7a[0m[39m
stty: 'standard input': Inappropriate ioctl for device
[1m[90m[DEBUG][39m[0m:   [90m->[0m running basename https://pypi.python.org/packages/source/s/six/six-1.15.0.tar.gz[0m
[1m[90m[DEBUG][39m[0m:   	six-1.15.0.tar.gz
[1m[INFO][0m:    [36m-> directory context /home/admin/openclaw/workspace/loan-assistant/.buildozer/android/platform/build-arm64-v8a_armeabi-v7a/build/other_builds/six/armeabi-v7a__ndk_target_24[39m
[1m[INFO][0m:    six is already unpacked, skipping
[1m[INFO][0m:    [36m<- directory context /home/admin/openclaw/workspace/loan-assistant/.buildozer/android/platform/python-for-android[39m
[1m[INFO][0m:    [1m[32mUnpacking pyjnius for armeabi-v7a[0m[39m
stty: 'standard input': Inappropriate ioctl for device
[1m[90m[DEBUG][39m[0m:   [90m->[0m running basename https://github.com/kivy/pyjnius/archive/1.6.0.zip[0m
[1m[90m[DEBUG][39m[0m:   	1.6.0.zip
[1m[INFO][0m:    [36m-> directory context /home/admin/openclaw/workspace/loan-assistant/.buildozer/android/platform/build-arm64-v8a_armeabi-v7a/build/other_builds/pyjnius-sdl2/armeabi-v7a__ndk_target_24[39m
[1m[INFO][0m:    pyjnius is already unpacked, skipping
[1m[INFO][0m:    [36m<- directory context /home/admin/openclaw/workspace/loan-assistant/.buildozer/android/platform/python-for-android[39m
[1m[90m[DEBUG][39m[0m:   Remove directory and subdirectory /home/admin/openclaw/workspace/loan-assistant/.buildozer/android/platform/build-arm64-v8a_armeabi-v7a/build/other_builds/android-sdl2/armeabi-v7a__ndk_target_24/android
stty: 'standard input': Inappropriate ioctl for device
[1m[90m[DEBUG][39m[0m:   [90m->[0m running cp -a /home/admin/openclaw/workspace/loan-assistant/.buildozer/android/platform/python-for-android/pythonforandroid/recipes/android/src /home/admin/openclaw/workspace/loan-assistant/.buildozer/android/platform/build-arm64-v8a_armeabi-v7a/build/other_builds/android-sdl2/armeabi-v7a__ndk_target_24/android[0m
[1m[INFO][0m:    [1m[32mUnpacking kivy for armeabi-v7a[0m[39m
stty: 'standard input': Inappropriate ioctl for device
[1m[90m[DEBUG][39m[0m:   [90m->[0m running basename https://github.com/kivy/kivy/archive/2.3.0.zip[0m
[1m[90m[DEBUG][39m[0m:   	2.3.0.zip
[1m[INFO][0m:    [36m-> directory context /home/admin/openclaw/workspace/loan-assistant/.buildozer/android/platform/build-arm64-v8a_armeabi-v7a/build/other_builds/kivy/armeabi-v7a__ndk_target_24[39m
[1m[INFO][0m:    kivy is already unpacked, skipping
[1m[INFO][0m:    [36m<- directory context /home/admin/openclaw/workspace/loan-assistant/.buildozer/android/platform/python-for-android[39m
[1m[INFO][0m:    [1m[32m# Prebuilding recipes[0m[39m
[1m[INFO][0m:    [1m[32mPrebuilding freetype for armeabi-v7a[0m[39m
[1m[INFO][0m:    freetype has no prebuild_armeabi_v7a, skipping
[1m[INFO][0m:    [1m[32mPrebuilding hostpython3 for armeabi-v7a[0m[39m
[1m[INFO][0m:    hostpython3 has no prebuild_armeabi_v7a, skipping
[1m[INFO][0m:    [1m[32mApplying patches for hostpython3[armeabi-v7a][0m[39m
[1m[INFO][0m:    [1m[32mhostpython3 already patched, skipping[0m[39m
[1m[INFO][0m:    [1m[32mPrebuilding jpeg for armeabi-v7a[0m[39m
[1m[INFO][0m:    jpeg has no prebuild_armeabi_v7a, skipping
[1m[INFO][0m:    [1m[32mPrebuilding libffi for armeabi-v7a[0m[39m
[1m[INFO][0m:    libffi has no prebuild_armeabi_v7a, skipping
[1m[INFO][0m:    [1m[32mApplying patches for libffi[armeabi-v7a][0m[39m
[1m[INFO][0m:    [1m[32mlibffi already patched, skipping[0m[39m
[1m[INFO][0m:    [1m[32mPrebuilding openssl for armeabi-v7a[0m[39m
[1m[INFO][0m:    openssl has no prebuild_armeabi_v7a, skipping
[1m[INFO][0m:    [1m[32mPrebuilding png for armeabi-v7a[0m[39m
[1m[INFO][0m:    png has no prebuild_armeabi_v7a, skipping
[1m[INFO][0m:    [1m[32mPrebuilding sdl2_image for armeabi-v7a[0m[39m
[1m[INFO][0m:    [36m-> directory context /home/admin/openclaw/workspace/loan-assistant/.buildozer/android/platform/build-arm64-v8a_armeabi-v7a/build/bootstrap_builds/sdl2/jni/SDL2_image/external[39m
Traceback (most recent call last):
  File "/usr/lib/python3.10/runpy.py", line 196, in _run_module_as_main
    return _run_code(code, main_globals, None,
  File "/usr/lib/python3.10/runpy.py", line 86, in _run_code
    exec(code, run_globals)
  File "/home/admin/openclaw/workspace/loan-assistant/.buildozer/android/platform/python-for-android/pythonforandroid/toolchain.py", line 1256, in <module>
    main()
  File "/home/admin/openclaw/workspace/loan-assistant/.buildozer/android/platform/python-for-android/pythonforandroid/entrypoints.py", line 18, in main
    ToolchainCL()
  File "/home/admin/openclaw/workspace/loan-assistant/.buildozer/android/platform/python-for-android/pythonforandroid/toolchain.py", line 685, in __init__
    getattr(self, command)(args)
  File "/home/admin/openclaw/workspace/loan-assistant/.buildozer/android/platform/python-for-android/pythonforandroid/toolchain.py", line 104, in wrapper_func
    build_dist_from_args(ctx, dist, args)
  File "/home/admin/openclaw/workspace/loan-assistant/.buildozer/android/platform/python-for-android/pythonforandroid/toolchain.py", line 163, in build_dist_from_args
    build_recipes(build_order, python_modules, ctx,
  File "/home/admin/openclaw/workspace/loan-assistant/.buildozer/android/platform/python-for-android/pythonforandroid/build.py", line 496, in build_recipes
    recipe.prebuild_arch(arch)
  File "/home/admin/openclaw/workspace/loan-assistant/.buildozer/android/platform/python-for-android/pythonforandroid/recipes/sdl2_image/__init__.py", line 26, in prebuild_arch
    shprint(sh.Command("./download.sh"))
  File "/home/admin/.local/lib/python3.10/site-packages/sh.py", line 1310, in __init__
    raise CommandNotFound(path)
sh.CommandNotFound: ./download.sh
# Command failed: ['/usr/bin/python3', '-m', 'pythonforandroid.toolchain', 'create', '--dist_name=loanassistant', '--bootstrap=sdl2', '--requirements=python3,requests,beautifulsoup4,pillow,schedule,aiohttp,qrcode,sqlite3,kivy,pyjnius==1.6.0,sdl2,sdl2_ttf,sdl2_mixer', '--arch=arm64-v8a', '--arch=armeabi-v7a', '--copy-libs', '--color=always', '--storage-dir=/home/admin/openclaw/workspace/loan-assistant/.buildozer/android/platform/build-arm64-v8a_armeabi-v7a', '--ndk-api=24', '--ignore-setup-py', '--debug']
# ENVIRONMENT:
#     SHELL = '/bin/bash'
#     SESSION_MANAGER = 'local/iZuf6ipfaj6sj36i4xv2qoZ:@/tmp/.ICE-unix/1654,unix/iZuf6ipfaj6sj36i4xv2qoZ:/tmp/.ICE-unix/1654'
#     QT_ACCESSIBILITY = '1'
#     XDG_CONFIG_DIRS = '/etc/xdg/xdg-ubuntu-xorg:/etc/xdg'
#     XDG_SESSION_PATH = '/org/freedesktop/DisplayManager/Session0'
#     NVM_INC = '/home/admin/.nvm/versions/node/v24.14.0/include/node'
#     XDG_MENU_PREFIX = 'gnome-'
#     GNOME_DESKTOP_SESSION_ID = 'this-is-deprecated'
#     GTK_IM_MODULE = 'ibus'
#     GNOME_SHELL_SESSION_MODE = 'ubuntu'
#     SSH_AUTH_SOCK = '/run/user/1000/keyring/ssh'
#     NODE_NO_WARNINGS = '1'
#     XMODIFIERS = '@im=ibus'
#     DESKTOP_SESSION = 'ubuntu-xorg'
#     SSH_AGENT_PID = '1548'
#     GTK_MODULES = 'gail:atk-bridge'
#     PWD = '/home/admin/openclaw/workspace/loan-assistant'
#     XDG_SESSION_DESKTOP = 'ubuntu:GNOME'
#     LOGNAME = 'admin'
#     XDG_SESSION_TYPE = 'x11'
#     GPG_AGENT_INFO = '/run/user/1000/gnupg/S.gpg-agent:0:1'
#     SYSTEMD_EXEC_PID = '2203'
#     VIPSHOME = '/target'
#     XAUTHORITY = '/tmp/xauth_RkinRn'
#     INTRA_CLOUD_ACCELERATION_REGION = 'cn-shanghai'
#     HOME = '/home/admin'
#     IM_CONFIG_PHASE = '1'
#     LANG = 'C.UTF-8'
#     XDG_CURRENT_DESKTOP = 'ubuntu:GNOME'
#     XDG_SEAT_PATH = '/org/freedesktop/DisplayManager/Seat0'
#     INVOCATION_ID = 'e15ba6e226ed498bac023d8f6aa5ca5b'
#     MANAGERPID = '1456'
#     NVM_DIR = '/home/admin/.nvm'
#     XDG_SESSION_CLASS = 'user'
#     OPENCLAW_GATEWAY_PORT = '18789'
#     USER = 'admin'
#     DISPLAY = ':1'
#     SHLVL = '0'
#     NVM_CD_FLAGS = ''
#     OPENCLAW_PATH_BOOTSTRAPPED = '1'
#     QT_IM_MODULE = 'ibus'
#     XDG_RUNTIME_DIR = '/run/user/1000'
#     JOURNAL_STREAM = '8:44599'
#     XDG_DATA_DIRS = '/usr/share/ubuntu-xorg:/usr/share/gnome:/usr/local/share:/usr/share:/var/lib/snapd/desktop'
#     PATH = '/home/admin/.buildozer/android/platform/apache-ant-1.9.4/bin:/home/admin/.nvm/versions/node/v24.14.0/bin:/usr/local/bin:/home/admin/.local/bin:/usr/bin:/bin'
#     OPENCLAW_NODE_OPTIONS_READY = '1'
#     DBUS_SESSION_BUS_ADDRESS = 'unix:path=/run/user/1000/bus'
#     NVM_BIN = '/home/admin/.nvm/versions/node/v24.14.0/bin'
#     OLDPWD = '/home/admin/openclaw/workspace'
#     _ = '/home/admin/.local/bin/buildozer'
#     PACKAGES_PATH = '/home/admin/.buildozer/android/packages'
#     ANDROIDSDK = '/home/admin/.buildozer/android/platform/android-sdk'
#     ANDROIDNDK = '/home/admin/.buildozer/android/platform/android-ndk-r25b'
#     ANDROIDAPI = '28'
#     ANDROIDMINAPI = '24'
# 
# Buildozer failed to execute the last command
# The error might be hidden in the log above this error
# Please read the full log, and search for it before
# raising an issue with buildozer itself.
# In case of a bug report, please add a full log with log_level = 2
